; ModuleID = 'rustcc/tests/input/codegen/return_2.c'
source_filename = "rustcc/tests/input/codegen/return_2.c"

define i32 @main() {
entry:
  ret i32 2
}
