rustcc/tests/input/parser/invalid/end_before_expr.c:5:10: error: expected expression instead reached end of file
