rustcc/tests/input/parser/invalid/invalid_function_name.c:5:7: error: expected function name
