rustcc/tests/input/lexer/crash/crash-0ef2a36978d541a9161cef5f969766b662a5828a437b15cc0a6c1b16a0c087e9.c:5:3: error: unexpected character '*' found
