; ModuleID = 'rustcc/tests/input/unary/bitwise.c'
source_filename = "rustcc/tests/input/unary/bitwise.c"

define i32 @main() {
entry:
  ret i32 -13
}
TranslationUnit
  FunctionDefinition "main"
    ReturnStatement 4:5-4:15
      UnaryOperation Complement 4:12-4:14
        IntegerLiteral (12) 4:13-4:14
