; ModuleID = 'rustcc/tests/input/unary/nested_ops_2.c'
source_filename = "rustcc/tests/input/unary/nested_ops_2.c"

define i32 @main() {
entry:
  ret i32 1
}
TranslationUnit
  FunctionDefinition "main"
    ReturnStatement 4:5-4:15
      UnaryOperation Negate 4:12-4:14
        UnaryOperation Complement 4:13-4:14
          IntegerLiteral (0) 4:14
