; ModuleID = 'rustcc/tests/input/unary/parens_3.c'
source_filename = "rustcc/tests/input/unary/parens_3.c"

define i32 @main() {
entry:
  ret i32 4
}
TranslationUnit
  FunctionDefinition "main"
    ReturnStatement 4:5-4:17
      UnaryOperation Negate 4:12-4:16
        Parenthesis 4:13-4:16
          UnaryOperation Negate 4:14-4:15
            IntegerLiteral (4) 4:15
