; ModuleID = 'rustcc/tests/input/unary/redundant_parens.c'
source_filename = "rustcc/tests/input/unary/redundant_parens.c"

define i32 @main() {
entry:
  ret i32 -10
}
TranslationUnit
  FunctionDefinition "main"
    ReturnStatement 5:5-5:23
      UnaryOperation Negate 5:12-5:22
        Parenthesis 5:13-5:22
          Parenthesis 5:14-5:21
            Parenthesis 5:15-5:20
              Parenthesis 5:16-5:19
                IntegerLiteral (10) 5:17-5:18
