TranslationUnit
  FunctionDefinition "main"
    ReturnStatement 4:5-4:13
      IntegerLiteral (2) 4:12
