rustcc/tests/input/lexer/invalid/backslash.c:5:1: error: unexpected character '\' found
