rustcc/tests/input/lexer/invalid/backtick.c:5:1: error: unexpected character '`' found
