KeywordInt
Identifier("main")
LeftParenthesis
KeywordVoid
RightParenthesis
LeftBrace
KeywordReturn
IntegerLiteral(1)
Identifier("foo")
Semicolon
RightBrace
EndOfFile
