rustcc/tests/input/lexer/invalid/invalid_identifier_2.c:6:12: error: unexpected character '@' found
rustcc/tests/input/lexer/invalid/invalid_identifier_2.c:6:13: error: expected expression
rustcc/tests/input/lexer/invalid/invalid_identifier_2.c:6:10: error: expected expression instead reached end of file
rustcc/tests/input/lexer/invalid/invalid_identifier_2.c:6:13: error: expected 'int' keyword
rustcc/tests/input/lexer/invalid/invalid_identifier_2.c:6:14: error: expected '('
rustcc/tests/input/lexer/invalid/invalid_identifier_2.c:6:14: error: expected 'void' keyword for parameter list
rustcc/tests/input/lexer/invalid/invalid_identifier_2.c:6:14: error: expected ')'
rustcc/tests/input/lexer/invalid/invalid_identifier_2.c:6:14: error: expected '{'
rustcc/tests/input/lexer/invalid/invalid_identifier_2.c:6:14: error: expected 'return' keyword
rustcc/tests/input/lexer/invalid/invalid_identifier_2.c:6:14: error: expected 'int' keyword
rustcc/tests/input/lexer/invalid/invalid_identifier_2.c:7:1: error: expected function name
rustcc/tests/input/lexer/invalid/invalid_identifier_2.c:7:1: error: expected '('
rustcc/tests/input/lexer/invalid/invalid_identifier_2.c:7:1: error: expected 'void' keyword for parameter list
rustcc/tests/input/lexer/invalid/invalid_identifier_2.c:7:1: error: expected ')'
rustcc/tests/input/lexer/invalid/invalid_identifier_2.c:7:1: error: expected '{'
rustcc/tests/input/lexer/invalid/invalid_identifier_2.c:7:1: error: expected 'return' keyword
rustcc/tests/input/lexer/invalid/invalid_identifier_2.c:7:1: error: expected 'int' keyword
<invalid>: error: expected function name
<invalid>: error: expected '('
<invalid>: error: expected 'void' keyword for parameter list
<invalid>: error: expected ')'
<invalid>: error: expected '{'
<invalid>: error: expected 'return' keyword
KeywordInt 4:1-4:3 - 'int'
Identifier("main") 4:5-4:8 - 'main'
LeftParenthesis 4:9 - '('
KeywordVoid 4:10-4:13 - 'void'
RightParenthesis 4:14 - ')'
LeftBrace 5:1 - '{'
KeywordReturn 6:5-6:10 - 'return'
Identifier("b") 6:13 - 'b'
Semicolon 6:14 - ';'
RightBrace 7:1 - '}'
