KeywordInt 3:1-3:3 - 'int'
Identifier("main") 3:5-3:8 - 'main'
LeftParenthesis 3:9 - '('
KeywordVoid 3:10-3:13 - 'void'
RightParenthesis 3:14 - ')'
LeftBrace 3:16 - '{'
KeywordReturn 4:5-4:10 - 'return'
Tilde 4:12 - '~'
IntegerLiteral(12) 4:13-4:14 - '12'
Semicolon 4:15 - ';'
RightBrace 5:1 - '}'
