KeywordInt 6:1-6:3 - 'int'
Identifier("main") 6:5-6:8 - 'main'
LeftParenthesis 6:9 - '('
KeywordVoid 6:10-6:13 - 'void'
RightParenthesis 6:14 - ')'
LeftBrace 6:16 - '{'
KeywordReturn 7:5-7:10 - 'return'
IntegerLiteral(0) 7:12 - '0'
Semicolon 7:13 - ';'
RightBrace 8:1 - '}'
EndOfFile
