KeywordInt 3:1-3:3 - 'int'
Identifier("main") 3:5-3:8 - 'main'
LeftParenthesis 3:9 - '('
KeywordVoid 3:10-3:13 - 'void'
RightParenthesis 3:14 - ')'
LeftBrace 3:16 - '{'
KeywordReturn 5:5-5:10 - 'return'
IntegerLiteral(100) 5:12-5:14 - '100'
Semicolon 5:15 - ';'
RightBrace 6:1 - '}'
EndOfFile
