KeywordInt 3:1-3:3 - 'int'
Identifier("main") 4:1-4:4 - 'main'
LeftParenthesis 5:1 - '('
KeywordVoid 6:1-6:4 - 'void'
RightParenthesis 7:1 - ')'
LeftBrace 8:1 - '{'
KeywordReturn 9:1-9:6 - 'return'
IntegerLiteral(0) 10:1 - '0'
Semicolon 11:1 - ';'
RightBrace 12:1 - '}'
EndOfFile
