KeywordInt 3:1-3:3 - 'int'
Identifier("main") 3:5-3:8 - 'main'
LeftParenthesis 3:9 - '('
KeywordVoid 3:10-3:13 - 'void'
RightParenthesis 3:14 - ')'
LeftBrace 3:15 - '{'
KeywordReturn 3:16-3:21 - 'return'
IntegerLiteral(0) 3:23 - '0'
Semicolon 3:24 - ';'
RightBrace 3:25 - '}'
