KeywordInt
Identifier("main")
LeftParenthesis
KeywordVoid
RightParenthesis
LeftBrace
KeywordReturn
IntegerLiteral(2)
Semicolon
RightBrace
EndOfFile
