Wow this is totally not the output I expected
What now?

Too bad I guess